shsub substitute embedded shell commands and expressions with their outputs and results.
Best wish.
