- <%note1%>
- <%<%note2%>
- <%note3%>%>
- <%note4%>
